// Vitest Snapshot v1, https://vitest.dev/guide/snapshot.html

exports[`PlayListItem component > matches snapshot 1`] = `
<div>
  <div
    class="flex items-center justify-between rounded-md border-b border-gray-900 px-4 py-2 hover:bg-indigo-900"
  >
    <div>
      <h3
        class="text-lg font-medium text-sky-400"
      >
        Starlight
      </h3>
      <p
        class="text-sm text-fuchsia-500"
      >
        Nova Echo
      </p>
    </div>
    <span
      class="text-sm text-fuchsia-300"
    >
      4:20
    </span>
  </div>
</div>
`;
